2026-09-09 06:35:10.977: [INFO] CurrentProfilePath: D:\PrakPBO_C_2511532029\.metadata\.plugins\org.eclipse.swt\EBWebView\Default
2026-09-09 06:35:10.977: [INFO] Profiles total count: 1
2026-09-09 06:35:10.977: [INFO] Profile: name=Profile 1 path=D:\PrakPBO_C_2511532029\.metadata\.plugins\org.eclipse.swt\EBWebView\Default lastActive=null
2026-09-09 06:35:10.977: [INFO] LastUsedProfileDir: D:\PrakPBO_C_2511532029\.metadata\.plugins\org.eclipse.swt\EBWebView\Default
2026-09-09 06:35:10.977: [INFO] OnDoneLoading sync enabled: 0
2026-09-09 06:35:10.977: [INFO] BookmarkModelLoaded, ids_reassigned: 0
2026-09-09 06:35:10.977: [INFO] BookmarksLoadDropped droppedNodes=0
2026-09-09 06:35:10.977: [INFO] BookmarksSnapshot Startup total=0 bar=0 other=0 mobile=0 showBar=0 showBarNTP=1
2026-09-09 06:35:21.049: [INFO] BookmarksSnapshot Shutdown total=0 bar=0 other=0 mobile=0 showBar=0 showBarNTP=1
2026-09-09 06:46:14.479: [INFO] CurrentProfilePath: D:\PrakPBO_C_2511532029\.metadata\.plugins\org.eclipse.swt\EBWebView\Default
2026-09-09 06:46:14.479: [INFO] Profiles total count: 1
2026-09-09 06:46:14.479: [INFO] Profile: name=Profile 1 path=D:\PrakPBO_C_2511532029\.metadata\.plugins\org.eclipse.swt\EBWebView\Default lastActive=2026-09-09T06:35:11.272Z
2026-09-09 06:46:14.479: [INFO] LastUsedProfileDir: D:\PrakPBO_C_2511532029\.metadata\.plugins\org.eclipse.swt\EBWebView\Default
2026-09-09 06:46:14.479: [INFO] MostRecentlyActiveProfile: name=Profile 1 path=D:\PrakPBO_C_2511532029\.metadata\.plugins\org.eclipse.swt\EBWebView\Default lastActive=2026-09-09T06:35:11.272Z
2026-09-09 06:46:14.479: [INFO] OnDoneLoading sync enabled: 0
2026-09-09 06:46:14.479: [INFO] BookmarkModelLoaded, ids_reassigned: 0
2026-09-09 06:46:14.479: [INFO] BookmarksLoadDropped droppedNodes=0
2026-09-09 06:46:14.479: [INFO] BookmarksSnapshot Startup total=0 bar=0 other=0 mobile=0 showBar=0 showBarNTP=1
2026-09-09 06:52:25.658: [INFO] BookmarksSnapshot Shutdown total=0 bar=0 other=0 mobile=0 showBar=0 showBarNTP=1
2026-09-09 06:52:37.370: [INFO] CurrentProfilePath: D:\PrakPBO_C_2511532029\.metadata\.plugins\org.eclipse.swt\EBWebView\Default
2026-09-09 06:52:37.370: [INFO] Profiles total count: 1
2026-09-09 06:52:37.370: [INFO] Profile: name=Profile 1 path=D:\PrakPBO_C_2511532029\.metadata\.plugins\org.eclipse.swt\EBWebView\Default lastActive=2026-09-09T06:35:11.272Z
2026-09-09 06:52:37.370: [INFO] LastUsedProfileDir: D:\PrakPBO_C_2511532029\.metadata\.plugins\org.eclipse.swt\EBWebView\Default
2026-09-09 06:52:37.370: [INFO] MostRecentlyActiveProfile: name=Profile 1 path=D:\PrakPBO_C_2511532029\.metadata\.plugins\org.eclipse.swt\EBWebView\Default lastActive=2026-09-09T06:35:11.272Z
2026-09-09 06:52:37.370: [INFO] OnDoneLoading sync enabled: 0
2026-09-09 06:52:37.370: [INFO] BookmarkModelLoaded, ids_reassigned: 0
2026-09-09 06:52:37.370: [INFO] BookmarksLoadDropped droppedNodes=0
2026-09-09 06:52:37.370: [INFO] BookmarksSnapshot Startup total=0 bar=0 other=0 mobile=0 showBar=0 showBarNTP=1
2026-09-09 07:12:11.504: [INFO] BookmarksSnapshot Shutdown total=0 bar=0 other=0 mobile=0 showBar=0 showBarNTP=1
2026-09-09 07:12:11.622: [INFO] CurrentProfilePath: D:\PrakPBO_C_2511532029\.metadata\.plugins\org.eclipse.swt\EBWebView\Default
2026-09-09 07:12:11.622: [INFO] Profiles total count: 1
2026-09-09 07:12:11.622: [INFO] Profile: name=Profile 1 path=D:\PrakPBO_C_2511532029\.metadata\.plugins\org.eclipse.swt\EBWebView\Default lastActive=2026-09-09T06:35:11.272Z
2026-09-09 07:12:11.622: [INFO] LastUsedProfileDir: D:\PrakPBO_C_2511532029\.metadata\.plugins\org.eclipse.swt\EBWebView\Default
2026-09-09 07:12:11.622: [INFO] MostRecentlyActiveProfile: name=Profile 1 path=D:\PrakPBO_C_2511532029\.metadata\.plugins\org.eclipse.swt\EBWebView\Default lastActive=2026-09-09T06:35:11.272Z
2026-09-09 07:12:11.622: [INFO] OnDoneLoading sync enabled: 0
2026-09-09 07:12:11.622: [INFO] BookmarkModelLoaded, ids_reassigned: 0
2026-09-09 07:12:11.622: [INFO] BookmarksLoadDropped droppedNodes=0
2026-09-09 07:12:11.622: [INFO] BookmarksSnapshot Startup total=0 bar=0 other=0 mobile=0 showBar=0 showBarNTP=1
2026-09-09 07:12:15.825: [INFO] BookmarksSnapshot Shutdown total=0 bar=0 other=0 mobile=0 showBar=0 showBarNTP=1
2026-09-09 07:12:22.715: [INFO] CurrentProfilePath: D:\PrakPBO_C_2511532029\.metadata\.plugins\org.eclipse.swt\EBWebView\Default
2026-09-09 07:12:22.715: [INFO] Profiles total count: 1
2026-09-09 07:12:22.715: [INFO] Profile: name=Profile 1 path=D:\PrakPBO_C_2511532029\.metadata\.plugins\org.eclipse.swt\EBWebView\Default lastActive=2026-09-09T06:35:11.272Z
2026-09-09 07:12:22.715: [INFO] LastUsedProfileDir: D:\PrakPBO_C_2511532029\.metadata\.plugins\org.eclipse.swt\EBWebView\Default
2026-09-09 07:12:22.715: [INFO] MostRecentlyActiveProfile: name=Profile 1 path=D:\PrakPBO_C_2511532029\.metadata\.plugins\org.eclipse.swt\EBWebView\Default lastActive=2026-09-09T06:35:11.272Z
2026-09-09 07:12:22.715: [INFO] OnDoneLoading sync enabled: 0
2026-09-09 07:12:22.715: [INFO] BookmarkModelLoaded, ids_reassigned: 0
2026-09-09 07:12:22.715: [INFO] BookmarksLoadDropped droppedNodes=0
2026-09-09 07:12:22.715: [INFO] BookmarksSnapshot Startup total=0 bar=0 other=0 mobile=0 showBar=0 showBarNTP=1
2026-09-09 07:12:30.989: [INFO] BookmarksSnapshot Shutdown total=0 bar=0 other=0 mobile=0 showBar=0 showBarNTP=1
2026-09-09 07:12:39.223: [INFO] CurrentProfilePath: D:\PrakPBO_C_2511532029\.metadata\.plugins\org.eclipse.swt\EBWebView\Default
2026-09-09 07:12:39.223: [INFO] Profiles total count: 1
2026-09-09 07:12:39.223: [INFO] Profile: name=Profile 1 path=D:\PrakPBO_C_2511532029\.metadata\.plugins\org.eclipse.swt\EBWebView\Default lastActive=2026-09-09T06:35:11.272Z
2026-09-09 07:12:39.223: [INFO] LastUsedProfileDir: D:\PrakPBO_C_2511532029\.metadata\.plugins\org.eclipse.swt\EBWebView\Default
2026-09-09 07:12:39.223: [INFO] MostRecentlyActiveProfile: name=Profile 1 path=D:\PrakPBO_C_2511532029\.metadata\.plugins\org.eclipse.swt\EBWebView\Default lastActive=2026-09-09T06:35:11.272Z
2026-09-09 07:12:39.223: [INFO] OnDoneLoading sync enabled: 0
2026-09-09 07:12:39.223: [INFO] BookmarkModelLoaded, ids_reassigned: 0
2026-09-09 07:12:39.223: [INFO] BookmarksLoadDropped droppedNodes=0
2026-09-09 07:12:39.223: [INFO] BookmarksSnapshot Startup total=0 bar=0 other=0 mobile=0 showBar=0 showBarNTP=1
2026-09-09 09:14:15.771: [INFO] BookmarksSnapshot Shutdown total=0 bar=0 other=0 mobile=0 showBar=0 showBarNTP=1
